<?xml version='1.0' encoding='utf-8'?>
<testsuites><testsuite name="pytest" errors="0" failures="0" skipped="0" tests="14" time="0.121" timestamp="2025-12-16T08:59:52.599776-06:00" hostname="stthomasdevenv2509"><testcase classname="tests.test_postdeploy_unit.TestParameterValidation" name="test_valid_buildspec_paths_examples" time="0.000" /><testcase classname="tests.test_postdeploy_unit.TestParameterValidation" name="test_invalid_buildspec_paths_examples" time="0.000" /><testcase classname="tests.test_postdeploy_unit.TestParameterValidation" name="test_valid_s3_uri_examples" time="0.000" /><testcase classname="tests.test_postdeploy_unit.TestParameterValidation" name="test_invalid_s3_uri_examples" time="0.000" /><testcase classname="tests.test_postdeploy_unit.TestParameterValidation" name="test_valid_s3_bucket_name_examples" time="0.000" /><testcase classname="tests.test_postdeploy_unit.TestParameterValidation" name="test_invalid_s3_bucket_name_examples" time="0.000" /><testcase classname="tests.test_postdeploy_unit.TestParameterValidation" name="test_parameter_constraint_edge_cases" time="0.000" /><testcase classname="tests.test_postdeploy_unit.TestResourceConfiguration" name="test_postdeploy_service_role_configuration" time="0.000" /><testcase classname="tests.test_postdeploy_unit.TestResourceConfiguration" name="test_postdeploy_iam_permission_structure" time="0.000" /><testcase classname="tests.test_postdeploy_unit.TestResourceConfiguration" name="test_postdeploy_project_configuration" time="0.000" /><testcase classname="tests.test_postdeploy_unit.TestResourceConfiguration" name="test_postdeploy_log_group_configuration" time="0.000" /><testcase classname="tests.test_postdeploy_unit.TestResourceConfiguration" name="test_compute_environment_consistency_examples" time="0.000" /><testcase classname="tests.test_postdeploy_unit.TestResourceConfiguration" name="test_environment_variable_configuration_examples" time="0.000" /><testcase classname="tests.test_postdeploy_unit.TestResourceConfiguration" name="test_conditional_s3_buildspec_permissions" time="0.000" /></testsuite><testsuite name="pytest" errors="0" failures="0" skipped="0" tests="25" time="0.325" timestamp="2025-12-16T08:59:56.983927-06:00" hostname="stthomasdevenv2509"><properties><property name="hypothesis-statistics-tests/test_postdeploy_property_based.py::test_conditional_resource_creation" value="dGVzdHMvdGVzdF9wb3N0ZGVwbG95X3Byb3BlcnR5X2Jhc2VkLnB5Ojp0ZXN0X2NvbmRpdGlvbmFsX3Jlc291cmNlX2NyZWF0aW9uOgoKICAtIGR1cmluZyBnZW5lcmF0ZSBwaGFzZSAoMC4wMCBzZWNvbmRzKToKICAgIC0gVHlwaWNhbCBydW50aW1lczogPCAxbXMsIG9mIHdoaWNoIDwgMW1zIGluIGRhdGEgZ2VuZXJhdGlvbgogICAgLSAyIHBhc3NpbmcgZXhhbXBsZXMsIDAgZmFpbGluZyBleGFtcGxlcywgMCBpbnZhbGlkIGV4YW1wbGVzCgogIC0gU3RvcHBlZCBiZWNhdXNlIG5vdGhpbmcgbGVmdCB0byBkbw==" /><property name="hypothesis-statistics-tests/test_postdeploy_property_based.py::test_postdeploy_resources_have_correct_conditions" value="dGVzdHMvdGVzdF9wb3N0ZGVwbG95X3Byb3BlcnR5X2Jhc2VkLnB5Ojp0ZXN0X3Bvc3RkZXBsb3lfcmVzb3VyY2VzX2hhdmVfY29ycmVjdF9jb25kaXRpb25zOgoKICAtIGR1cmluZyBnZW5lcmF0ZSBwaGFzZSAoMC4wMCBzZWNvbmRzKToKICAgIC0gVHlwaWNhbCBydW50aW1lczogPCAxbXMsIG9mIHdoaWNoIDwgMW1zIGluIGRhdGEgZ2VuZXJhdGlvbgogICAgLSAxIHBhc3NpbmcgZXhhbXBsZXMsIDAgZmFpbGluZyBleGFtcGxlcywgMCBpbnZhbGlkIGV4YW1wbGVzCgogIC0gU3RvcHBlZCBiZWNhdXNlIG5vdGhpbmcgbGVmdCB0byBkbw==" /><property name="hypothesis-statistics-tests/test_postdeploy_property_based.py::test_pipeline_stage_conditional_inclusion" value="dGVzdHMvdGVzdF9wb3N0ZGVwbG95X3Byb3BlcnR5X2Jhc2VkLnB5Ojp0ZXN0X3BpcGVsaW5lX3N0YWdlX2NvbmRpdGlvbmFsX2luY2x1c2lvbjoKCiAgLSBkdXJpbmcgZ2VuZXJhdGUgcGhhc2UgKDAuMDAgc2Vjb25kcyk6CiAgICAtIFR5cGljYWwgcnVudGltZXM6IDwgMW1zLCBvZiB3aGljaCA8IDFtcyBpbiBkYXRhIGdlbmVyYXRpb24KICAgIC0gMiBwYXNzaW5nIGV4YW1wbGVzLCAwIGZhaWxpbmcgZXhhbXBsZXMsIDAgaW52YWxpZCBleGFtcGxlcwoKICAtIFN0b3BwZWQgYmVjYXVzZSBub3RoaW5nIGxlZnQgdG8gZG8=" /><property name="hypothesis-statistics-tests/test_postdeploy_property_based.py::test_pipeline_dependencies_when_postdeploy_enabled" value="dGVzdHMvdGVzdF9wb3N0ZGVwbG95X3Byb3BlcnR5X2Jhc2VkLnB5Ojp0ZXN0X3BpcGVsaW5lX2RlcGVuZGVuY2llc193aGVuX3Bvc3RkZXBsb3lfZW5hYmxlZDoKCiAgLSBkdXJpbmcgZ2VuZXJhdGUgcGhhc2UgKDAuMDAgc2Vjb25kcyk6CiAgICAtIFR5cGljYWwgcnVudGltZXM6IDwgMW1zLCBvZiB3aGljaCA8IDFtcyBpbiBkYXRhIGdlbmVyYXRpb24KICAgIC0gMSBwYXNzaW5nIGV4YW1wbGVzLCAwIGZhaWxpbmcgZXhhbXBsZXMsIDAgaW52YWxpZCBleGFtcGxlcwoKICAtIFN0b3BwZWQgYmVjYXVzZSBub3RoaW5nIGxlZnQgdG8gZG8=" /><property name="hypothesis-statistics-tests/test_postdeploy_property_based.py::test_parameter_naming_consistency" value="dGVzdHMvdGVzdF9wb3N0ZGVwbG95X3Byb3BlcnR5X2Jhc2VkLnB5Ojp0ZXN0X3BhcmFtZXRlcl9uYW1pbmdfY29uc2lzdGVuY3k6CgogIC0gZHVyaW5nIGdlbmVyYXRlIHBoYXNlICgwLjAwIHNlY29uZHMpOgogICAgLSBUeXBpY2FsIHJ1bnRpbWVzOiA8IDFtcywgb2Ygd2hpY2ggPCAxbXMgaW4gZGF0YSBnZW5lcmF0aW9uCiAgICAtIDEgcGFzc2luZyBleGFtcGxlcywgMCBmYWlsaW5nIGV4YW1wbGVzLCAwIGludmFsaWQgZXhhbXBsZXMKCiAgLSBTdG9wcGVkIGJlY2F1c2Ugbm90aGluZyBsZWZ0IHRvIGRv" /><property name="hypothesis-statistics-tests/test_postdeploy_property_based.py::test_postdeploy_parameter_structure" value="dGVzdHMvdGVzdF9wb3N0ZGVwbG95X3Byb3BlcnR5X2Jhc2VkLnB5Ojp0ZXN0X3Bvc3RkZXBsb3lfcGFyYW1ldGVyX3N0cnVjdHVyZToKCiAgLSBkdXJpbmcgZ2VuZXJhdGUgcGhhc2UgKDAuMDAgc2Vjb25kcyk6CiAgICAtIFR5cGljYWwgcnVudGltZXM6IDwgMW1zLCBvZiB3aGljaCA8IDFtcyBpbiBkYXRhIGdlbmVyYXRpb24KICAgIC0gMSBwYXNzaW5nIGV4YW1wbGVzLCAwIGZhaWxpbmcgZXhhbXBsZXMsIDAgaW52YWxpZCBleGFtcGxlcwoKICAtIFN0b3BwZWQgYmVjYXVzZSBub3RoaW5nIGxlZnQgdG8gZG8=" /><property name="hypothesis-statistics-tests/test_postdeploy_property_based.py::test_condition_name_consistency" value="dGVzdHMvdGVzdF9wb3N0ZGVwbG95X3Byb3BlcnR5X2Jhc2VkLnB5Ojp0ZXN0X2NvbmRpdGlvbl9uYW1lX2NvbnNpc3RlbmN5OgoKICAtIGR1cmluZyBnZW5lcmF0ZSBwaGFzZSAoMC4wMCBzZWNvbmRzKToKICAgIC0gVHlwaWNhbCBydW50aW1lczogPCAxbXMsIG9mIHdoaWNoIDwgMW1zIGluIGRhdGEgZ2VuZXJhdGlvbgogICAgLSAxIHBhc3NpbmcgZXhhbXBsZXMsIDAgZmFpbGluZyBleGFtcGxlcywgMCBpbnZhbGlkIGV4YW1wbGVzCgogIC0gU3RvcHBlZCBiZWNhdXNlIG5vdGhpbmcgbGVmdCB0byBkbw==" /><property name="hypothesis-statistics-tests/test_postdeploy_property_based.py::test_postdeploy_condition_structure" value="dGVzdHMvdGVzdF9wb3N0ZGVwbG95X3Byb3BlcnR5X2Jhc2VkLnB5Ojp0ZXN0X3Bvc3RkZXBsb3lfY29uZGl0aW9uX3N0cnVjdHVyZToKCiAgLSBkdXJpbmcgZ2VuZXJhdGUgcGhhc2UgKDAuMDAgc2Vjb25kcyk6CiAgICAtIFR5cGljYWwgcnVudGltZXM6IDwgMW1zLCBvZiB3aGljaCA8IDFtcyBpbiBkYXRhIGdlbmVyYXRpb24KICAgIC0gMSBwYXNzaW5nIGV4YW1wbGVzLCAwIGZhaWxpbmcgZXhhbXBsZXMsIDAgaW52YWxpZCBleGFtcGxlcwoKICAtIFN0b3BwZWQgYmVjYXVzZSBub3RoaW5nIGxlZnQgdG8gZG8=" /><property name="hypothesis-statistics-tests/test_postdeploy_property_based.py::test_complex_postdeploy_conditions" value="dGVzdHMvdGVzdF9wb3N0ZGVwbG95X3Byb3BlcnR5X2Jhc2VkLnB5Ojp0ZXN0X2NvbXBsZXhfcG9zdGRlcGxveV9jb25kaXRpb25zOgoKICAtIGR1cmluZyBnZW5lcmF0ZSBwaGFzZSAoMC4wMCBzZWNvbmRzKToKICAgIC0gVHlwaWNhbCBydW50aW1lczogPCAxbXMsIG9mIHdoaWNoIDwgMW1zIGluIGRhdGEgZ2VuZXJhdGlvbgogICAgLSAxIHBhc3NpbmcgZXhhbXBsZXMsIDAgZmFpbGluZyBleGFtcGxlcywgMCBpbnZhbGlkIGV4YW1wbGVzCgogIC0gU3RvcHBlZCBiZWNhdXNlIG5vdGhpbmcgbGVmdCB0byBkbw==" /><property name="hypothesis-statistics-tests/test_postdeploy_property_based.py::test_buildspec_parameter_reference" value="dGVzdHMvdGVzdF9wb3N0ZGVwbG95X3Byb3BlcnR5X2Jhc2VkLnB5Ojp0ZXN0X2J1aWxkc3BlY19wYXJhbWV0ZXJfcmVmZXJlbmNlOgoKICAtIGR1cmluZyBnZW5lcmF0ZSBwaGFzZSAoMC4wMCBzZWNvbmRzKToKICAgIC0gVHlwaWNhbCBydW50aW1lczogPCAxbXMsIG9mIHdoaWNoIDwgMW1zIGluIGRhdGEgZ2VuZXJhdGlvbgogICAgLSAxIHBhc3NpbmcgZXhhbXBsZXMsIDAgZmFpbGluZyBleGFtcGxlcywgMCBpbnZhbGlkIGV4YW1wbGVzCgogIC0gU3RvcHBlZCBiZWNhdXNlIG5vdGhpbmcgbGVmdCB0byBkbw==" /><property name="hypothesis-statistics-tests/test_postdeploy_property_based.py::test_postdeploy_buildspec_parameter_structure" value="dGVzdHMvdGVzdF9wb3N0ZGVwbG95X3Byb3BlcnR5X2Jhc2VkLnB5Ojp0ZXN0X3Bvc3RkZXBsb3lfYnVpbGRzcGVjX3BhcmFtZXRlcl9zdHJ1Y3R1cmU6CgogIC0gZHVyaW5nIGdlbmVyYXRlIHBoYXNlICgwLjAwIHNlY29uZHMpOgogICAgLSBUeXBpY2FsIHJ1bnRpbWVzOiA8IDFtcywgb2Ygd2hpY2ggPCAxbXMgaW4gZGF0YSBnZW5lcmF0aW9uCiAgICAtIDEgcGFzc2luZyBleGFtcGxlcywgMCBmYWlsaW5nIGV4YW1wbGVzLCAwIGludmFsaWQgZXhhbXBsZXMKCiAgLSBTdG9wcGVkIGJlY2F1c2Ugbm90aGluZyBsZWZ0IHRvIGRv" /><property name="hypothesis-statistics-tests/test_postdeploy_property_based.py::test_s3_buildspec_iam_permissions" value="dGVzdHMvdGVzdF9wb3N0ZGVwbG95X3Byb3BlcnR5X2Jhc2VkLnB5Ojp0ZXN0X3MzX2J1aWxkc3BlY19pYW1fcGVybWlzc2lvbnM6CgogIC0gZHVyaW5nIGdlbmVyYXRlIHBoYXNlICgwLjAwIHNlY29uZHMpOgogICAgLSBUeXBpY2FsIHJ1bnRpbWVzOiA8IDFtcywgb2Ygd2hpY2ggPCAxbXMgaW4gZGF0YSBnZW5lcmF0aW9uCiAgICAtIDEgcGFzc2luZyBleGFtcGxlcywgMCBmYWlsaW5nIGV4YW1wbGVzLCAwIGludmFsaWQgZXhhbXBsZXMKCiAgLSBTdG9wcGVkIGJlY2F1c2Ugbm90aGluZyBsZWZ0IHRvIGRv" /><property name="hypothesis-statistics-tests/test_postdeploy_property_based.py::test_postdeploy_s3_buildspec_condition" value="dGVzdHMvdGVzdF9wb3N0ZGVwbG95X3Byb3BlcnR5X2Jhc2VkLnB5Ojp0ZXN0X3Bvc3RkZXBsb3lfczNfYnVpbGRzcGVjX2NvbmRpdGlvbjoKCiAgLSBkdXJpbmcgZ2VuZXJhdGUgcGhhc2UgKDAuMDAgc2Vjb25kcyk6CiAgICAtIFR5cGljYWwgcnVudGltZXM6IDwgMW1zLCBvZiB3aGljaCA8IDFtcyBpbiBkYXRhIGdlbmVyYXRpb24KICAgIC0gMSBwYXNzaW5nIGV4YW1wbGVzLCAwIGZhaWxpbmcgZXhhbXBsZXMsIDAgaW52YWxpZCBleGFtcGxlcwoKICAtIFN0b3BwZWQgYmVjYXVzZSBub3RoaW5nIGxlZnQgdG8gZG8=" /><property name="hypothesis-statistics-tests/test_postdeploy_property_based.py::test_environment_variable_configuration" value="dGVzdHMvdGVzdF9wb3N0ZGVwbG95X3Byb3BlcnR5X2Jhc2VkLnB5Ojp0ZXN0X2Vudmlyb25tZW50X3ZhcmlhYmxlX2NvbmZpZ3VyYXRpb246CgogIC0gZHVyaW5nIGdlbmVyYXRlIHBoYXNlICgwLjAwIHNlY29uZHMpOgogICAgLSBUeXBpY2FsIHJ1bnRpbWVzOiA8IDFtcywgb2Ygd2hpY2ggPCAxbXMgaW4gZGF0YSBnZW5lcmF0aW9uCiAgICAtIDEgcGFzc2luZyBleGFtcGxlcywgMCBmYWlsaW5nIGV4YW1wbGVzLCAwIGludmFsaWQgZXhhbXBsZXMKCiAgLSBTdG9wcGVkIGJlY2F1c2Ugbm90aGluZyBsZWZ0IHRvIGRv" /><property name="hypothesis-statistics-tests/test_postdeploy_property_based.py::test_postdeploy_s3_static_host_bucket_parameter" value="dGVzdHMvdGVzdF9wb3N0ZGVwbG95X3Byb3BlcnR5X2Jhc2VkLnB5Ojp0ZXN0X3Bvc3RkZXBsb3lfczNfc3RhdGljX2hvc3RfYnVja2V0X3BhcmFtZXRlcjoKCiAgLSBkdXJpbmcgZ2VuZXJhdGUgcGhhc2UgKDAuMDAgc2Vjb25kcyk6CiAgICAtIFR5cGljYWwgcnVudGltZXM6IDwgMW1zLCBvZiB3aGljaCA8IDFtcyBpbiBkYXRhIGdlbmVyYXRpb24KICAgIC0gMSBwYXNzaW5nIGV4YW1wbGVzLCAwIGZhaWxpbmcgZXhhbXBsZXMsIDAgaW52YWxpZCBleGFtcGxlcwoKICAtIFN0b3BwZWQgYmVjYXVzZSBub3RoaW5nIGxlZnQgdG8gZG8=" /><property name="hypothesis-statistics-tests/test_postdeploy_property_based.py::test_compute_environment_consistency" value="dGVzdHMvdGVzdF9wb3N0ZGVwbG95X3Byb3BlcnR5X2Jhc2VkLnB5Ojp0ZXN0X2NvbXB1dGVfZW52aXJvbm1lbnRfY29uc2lzdGVuY3k6CgogIC0gZHVyaW5nIGdlbmVyYXRlIHBoYXNlICgwLjAwIHNlY29uZHMpOgogICAgLSBUeXBpY2FsIHJ1bnRpbWVzOiA8IDFtcywgb2Ygd2hpY2ggPCAxbXMgaW4gZGF0YSBnZW5lcmF0aW9uCiAgICAtIDEgcGFzc2luZyBleGFtcGxlcywgMCBmYWlsaW5nIGV4YW1wbGVzLCAwIGludmFsaWQgZXhhbXBsZXMKCiAgLSBTdG9wcGVkIGJlY2F1c2Ugbm90aGluZyBsZWZ0IHRvIGRv" /><property name="hypothesis-statistics-tests/test_postdeploy_property_based.py::test_s3_permission_consistency" value="dGVzdHMvdGVzdF9wb3N0ZGVwbG95X3Byb3BlcnR5X2Jhc2VkLnB5Ojp0ZXN0X3MzX3Blcm1pc3Npb25fY29uc2lzdGVuY3k6CgogIC0gZHVyaW5nIGdlbmVyYXRlIHBoYXNlICgwLjAwIHNlY29uZHMpOgogICAgLSBUeXBpY2FsIHJ1bnRpbWVzOiA8IDFtcywgb2Ygd2hpY2ggPCAxbXMgaW4gZGF0YSBnZW5lcmF0aW9uCiAgICAtIDEgcGFzc2luZyBleGFtcGxlcywgMCBmYWlsaW5nIGV4YW1wbGVzLCAwIGludmFsaWQgZXhhbXBsZXMKCiAgLSBTdG9wcGVkIGJlY2F1c2Ugbm90aGluZyBsZWZ0IHRvIGRv" /><property name="hypothesis-statistics-tests/test_postdeploy_property_based.py::test_ssm_permission_consistency" value="dGVzdHMvdGVzdF9wb3N0ZGVwbG95X3Byb3BlcnR5X2Jhc2VkLnB5Ojp0ZXN0X3NzbV9wZXJtaXNzaW9uX2NvbnNpc3RlbmN5OgoKICAtIGR1cmluZyBnZW5lcmF0ZSBwaGFzZSAoMC4wMCBzZWNvbmRzKToKICAgIC0gVHlwaWNhbCBydW50aW1lczogPCAxbXMsIG9mIHdoaWNoIDwgMW1zIGluIGRhdGEgZ2VuZXJhdGlvbgogICAgLSAxIHBhc3NpbmcgZXhhbXBsZXMsIDAgZmFpbGluZyBleGFtcGxlcywgMCBpbnZhbGlkIGV4YW1wbGVzCgogIC0gU3RvcHBlZCBiZWNhdXNlIG5vdGhpbmcgbGVmdCB0byBkbw==" /><property name="hypothesis-statistics-tests/test_postdeploy_property_based.py::test_core_environment_variable_consistency" value="dGVzdHMvdGVzdF9wb3N0ZGVwbG95X3Byb3BlcnR5X2Jhc2VkLnB5Ojp0ZXN0X2NvcmVfZW52aXJvbm1lbnRfdmFyaWFibGVfY29uc2lzdGVuY3k6CgogIC0gZHVyaW5nIGdlbmVyYXRlIHBoYXNlICgwLjAwIHNlY29uZHMpOgogICAgLSBUeXBpY2FsIHJ1bnRpbWVzOiA8IDFtcywgb2Ygd2hpY2ggPCAxbXMgaW4gZGF0YSBnZW5lcmF0aW9uCiAgICAtIDEgcGFzc2luZyBleGFtcGxlcywgMCBmYWlsaW5nIGV4YW1wbGVzLCAwIGludmFsaWQgZXhhbXBsZXMKCiAgLSBTdG9wcGVkIGJlY2F1c2Ugbm90aGluZyBsZWZ0IHRvIGRv" /><property name="hypothesis-statistics-tests/test_postdeploy_property_based.py::test_log_group_configuration" value="dGVzdHMvdGVzdF9wb3N0ZGVwbG95X3Byb3BlcnR5X2Jhc2VkLnB5Ojp0ZXN0X2xvZ19ncm91cF9jb25maWd1cmF0aW9uOgoKICAtIGR1cmluZyBnZW5lcmF0ZSBwaGFzZSAoMC4wMCBzZWNvbmRzKToKICAgIC0gVHlwaWNhbCBydW50aW1lczogPCAxbXMsIG9mIHdoaWNoIDwgMW1zIGluIGRhdGEgZ2VuZXJhdGlvbgogICAgLSAxIHBhc3NpbmcgZXhhbXBsZXMsIDAgZmFpbGluZyBleGFtcGxlcywgMCBpbnZhbGlkIGV4YW1wbGVzCgogIC0gU3RvcHBlZCBiZWNhdXNlIG5vdGhpbmcgbGVmdCB0byBkbw==" /><property name="hypothesis-statistics-tests/test_postdeploy_property_based.py::test_buildspec_path_validation" value="dGVzdHMvdGVzdF9wb3N0ZGVwbG95X3Byb3BlcnR5X2Jhc2VkLnB5Ojp0ZXN0X2J1aWxkc3BlY19wYXRoX3ZhbGlkYXRpb246CgogIC0gZHVyaW5nIGdlbmVyYXRlIHBoYXNlICgwLjEwIHNlY29uZHMpOgogICAgLSBUeXBpY2FsIHJ1bnRpbWVzOiA8IDFtcywgb2Ygd2hpY2ggPCAxbXMgaW4gZGF0YSBnZW5lcmF0aW9uCiAgICAtIDEwMCBwYXNzaW5nIGV4YW1wbGVzLCAwIGZhaWxpbmcgZXhhbXBsZXMsIDExIGludmFsaWQgZXhhbXBsZXMKCiAgLSBTdG9wcGVkIGJlY2F1c2Ugc2V0dGluZ3MubWF4X2V4YW1wbGVzPTEwMA==" /><property name="hypothesis-statistics-tests/test_postdeploy_property_based.py::test_s3_uri_validation" value="dGVzdHMvdGVzdF9wb3N0ZGVwbG95X3Byb3BlcnR5X2Jhc2VkLnB5Ojp0ZXN0X3MzX3VyaV92YWxpZGF0aW9uOgoKICAtIGR1cmluZyBnZW5lcmF0ZSBwaGFzZSAoMC4wNyBzZWNvbmRzKToKICAgIC0gVHlwaWNhbCBydW50aW1lczogPCAxbXMsIG9mIHdoaWNoIDwgMW1zIGluIGRhdGEgZ2VuZXJhdGlvbgogICAgLSAxMDAgcGFzc2luZyBleGFtcGxlcywgMCBmYWlsaW5nIGV4YW1wbGVzLCAyMSBpbnZhbGlkIGV4YW1wbGVzCiAgICAtIEV2ZW50czoKICAgICAgKiAwLjgzJSwgUmV0cmllZCBkcmF3IGZyb20gdGV4dChjaGFyYWN0ZXJzKGNhdGVnb3JpZXM9KCksIGluY2x1ZGVfY2hhcmFjdGVycz0nYWJjZGVmZ2hpamtsbW5vcHFyc3R1dnd4eXowMTIzNDU2Nzg5LScpLCBtaW5fc2l6ZT0zLCBtYXhfc2l6ZT02MykuZmlsdGVyKGxhbWJkYSB4OiB4WzBdLmlzYWxudW0oKSBhbmQgeFstMV0uaXNhbG51bSgpIGFuZCAoJy0tJyBub3QgaW4geCkpIHRvIHNhdGlzZnkgZmlsdGVyCgogIC0gU3RvcHBlZCBiZWNhdXNlIHNldHRpbmdzLm1heF9leGFtcGxlcz0xMDA=" /><property name="hypothesis-statistics-tests/test_postdeploy_property_based.py::test_invalid_buildspec_paths_rejected" value="dGVzdHMvdGVzdF9wb3N0ZGVwbG95X3Byb3BlcnR5X2Jhc2VkLnB5Ojp0ZXN0X2ludmFsaWRfYnVpbGRzcGVjX3BhdGhzX3JlamVjdGVkOgoKICAtIGR1cmluZyBnZW5lcmF0ZSBwaGFzZSAoMC4wMCBzZWNvbmRzKToKICAgIC0gVHlwaWNhbCBydW50aW1lczogPCAxbXMsIG9mIHdoaWNoIDwgMW1zIGluIGRhdGEgZ2VuZXJhdGlvbgogICAgLSA0IHBhc3NpbmcgZXhhbXBsZXMsIDAgZmFpbGluZyBleGFtcGxlcywgMCBpbnZhbGlkIGV4YW1wbGVzCgogIC0gU3RvcHBlZCBiZWNhdXNlIG5vdGhpbmcgbGVmdCB0byBkbw==" /><property name="hypothesis-statistics-tests/test_postdeploy_property_based.py::test_invalid_s3_uris_rejected" value="dGVzdHMvdGVzdF9wb3N0ZGVwbG95X3Byb3BlcnR5X2Jhc2VkLnB5Ojp0ZXN0X2ludmFsaWRfczNfdXJpc19yZWplY3RlZDoKCiAgLSBkdXJpbmcgZ2VuZXJhdGUgcGhhc2UgKDAuMDAgc2Vjb25kcyk6CiAgICAtIFR5cGljYWwgcnVudGltZXM6IDwgMW1zLCBvZiB3aGljaCA8IDFtcyBpbiBkYXRhIGdlbmVyYXRpb24KICAgIC0gNCBwYXNzaW5nIGV4YW1wbGVzLCAwIGZhaWxpbmcgZXhhbXBsZXMsIDAgaW52YWxpZCBleGFtcGxlcwoKICAtIFN0b3BwZWQgYmVjYXVzZSBub3RoaW5nIGxlZnQgdG8gZG8=" /><property name="hypothesis-statistics-tests/test_postdeploy_property_based.py::test_default_buildspec_configuration" value="dGVzdHMvdGVzdF9wb3N0ZGVwbG95X3Byb3BlcnR5X2Jhc2VkLnB5Ojp0ZXN0X2RlZmF1bHRfYnVpbGRzcGVjX2NvbmZpZ3VyYXRpb246CgogIC0gZHVyaW5nIGdlbmVyYXRlIHBoYXNlICgwLjAwIHNlY29uZHMpOgogICAgLSBUeXBpY2FsIHJ1bnRpbWVzOiA8IDFtcywgb2Ygd2hpY2ggPCAxbXMgaW4gZGF0YSBnZW5lcmF0aW9uCiAgICAtIDEgcGFzc2luZyBleGFtcGxlcywgMCBmYWlsaW5nIGV4YW1wbGVzLCAwIGludmFsaWQgZXhhbXBsZXMKCiAgLSBTdG9wcGVkIGJlY2F1c2Ugbm90aGluZyBsZWZ0IHRvIGRv" /></properties><testcase classname="tests.test_postdeploy_property_based" name="test_conditional_resource_creation" time="0.002" /><testcase classname="tests.test_postdeploy_property_based" name="test_postdeploy_resources_have_correct_conditions" time="0.001" /><testcase classname="tests.test_postdeploy_property_based" name="test_pipeline_stage_conditional_inclusion" time="0.001" /><testcase classname="tests.test_postdeploy_property_based" name="test_pipeline_dependencies_when_postdeploy_enabled" time="0.001" /><testcase classname="tests.test_postdeploy_property_based" name="test_parameter_naming_consistency" time="0.002" /><testcase classname="tests.test_postdeploy_property_based" name="test_postdeploy_parameter_structure" time="0.001" /><testcase classname="tests.test_postdeploy_property_based" name="test_condition_name_consistency" time="0.001" /><testcase classname="tests.test_postdeploy_property_based" name="test_postdeploy_condition_structure" time="0.001" /><testcase classname="tests.test_postdeploy_property_based" name="test_complex_postdeploy_conditions" time="0.001" /><testcase classname="tests.test_postdeploy_property_based" name="test_buildspec_parameter_reference" time="0.001" /><testcase classname="tests.test_postdeploy_property_based" name="test_postdeploy_buildspec_parameter_structure" time="0.001" /><testcase classname="tests.test_postdeploy_property_based" name="test_s3_buildspec_iam_permissions" time="0.001" /><testcase classname="tests.test_postdeploy_property_based" name="test_postdeploy_s3_buildspec_condition" time="0.001" /><testcase classname="tests.test_postdeploy_property_based" name="test_environment_variable_configuration" time="0.001" /><testcase classname="tests.test_postdeploy_property_based" name="test_postdeploy_s3_static_host_bucket_parameter" time="0.001" /><testcase classname="tests.test_postdeploy_property_based" name="test_compute_environment_consistency" time="0.001" /><testcase classname="tests.test_postdeploy_property_based" name="test_s3_permission_consistency" time="0.002" /><testcase classname="tests.test_postdeploy_property_based" name="test_ssm_permission_consistency" time="0.002" /><testcase classname="tests.test_postdeploy_property_based" name="test_core_environment_variable_consistency" time="0.001" /><testcase classname="tests.test_postdeploy_property_based" name="test_log_group_configuration" time="0.001" /><testcase classname="tests.test_postdeploy_property_based" name="test_buildspec_path_validation" time="0.098" /><testcase classname="tests.test_postdeploy_property_based" name="test_s3_uri_validation" time="0.073" /><testcase classname="tests.test_postdeploy_property_based" name="test_invalid_buildspec_paths_rejected" time="0.002" /><testcase classname="tests.test_postdeploy_property_based" name="test_invalid_s3_uris_rejected" time="0.002" /><testcase classname="tests.test_postdeploy_property_based" name="test_default_buildspec_configuration" time="0.001" /></testsuite></testsuites>